#LEVEL 0
ssh bandit0@bandit.labs.overthewire.org -p 2220
#Logare in joc folosind ssh ; username-ul este bandit(nr_nivel) 



#LEVEL0->1
bandit0@bandit:~$ cat readme
boJ9jbbUNNfktd78OOpsqOltutMc3MY1
#Parola pentru conectarea la host se gaseste in fisierul readme. 



#LEVEL1->2
caran_raluca@caran:~/Bandit$ ssh bandit1@bandit.labs.overthewire.org -p 2220 
bandit1@bandit:~$ cat ~/-
CV1DtqXWVFXTvM2F0k09SHz0YwRINYA9
#Parola se gaseste in fisierul "-". '-' este un caracter special. Trebuie precizata calea completa. 



#LEVEL2->3
bandit2@bandit:~$ cat 'spaces in this filename'
UmHadQclWmgdLOKQ3YNgjWxGoRMb5luK
#Parola se gaseste in fisierul 'spaces in this filename'.



#LEVEL3->4
bandit3@bandit:~$ cd inhere;ls -a
.  ..  .hidden
bandit3@bandit:~/inhere$ cat .hidden
pIwrPrtPN36QITSp3EQaw936yaFoFgAB
#Parola se gaseste intr-un fisier hidden.


#LEVEL4->5
bandit4@bandit:~/inhere$ file ~/inhere/*
/home/bandit4/inhere/-file00: data
/home/bandit4/inhere/-file01: data
/home/bandit4/inhere/-file02: data
/home/bandit4/inhere/-file03: data
/home/bandit4/inhere/-file04: data
/home/bandit4/inhere/-file05: data
/home/bandit4/inhere/-file06: data
/home/bandit4/inhere/-file07: ASCII text
/home/bandit4/inhere/-file08: data
/home/bandit4/inhere/-file09: data
bandit4@bandit:~/inhere$ cat ~/inhere/-file07
koReBOKuIDDepwhWk7jZC0RTdopnAYKh
#Am verificat tipul fisierelor din directorul inhere.



#LEVEL5->6
bandit5@bandit:~/inhere$ find . -type f -size 1033c ! -executable -exec file {} \; | egrep ASCII
./maybehere07/.file2: ASCII text, with very long lines
bandit5@bandit:~/inhere$ cat ./maybehere07/.file2
DXjZPULLxYr17uwoI01bNLQbtFemEgo7



#LEVEL6->7
#Am cautat un fisier cu prop date in home directory,insa nu l-am gasit. M-am mutat in directorul root. '/'
bandit6@bandit:/$ find . -group bandit6 -user bandit7 -size 33c -type f 2>/dev/null
./var/lib/dpkg/info/bandit7.password
bandit6@bandit:/$ cat ./var/lib/dpkg/info/bandit7.password
HKBPTKQnIay4Fw76bEy8PVxKEDQRKTzs



#LEVEL7->8
bandit7@bandit:~$ cat data.txt | egrep millionth
millionth	cvX2JJa4CFALtqS87jk27qwqGhBM9plV



#LEVEL8->9
bandit8@bandit:~$ cat data.txt | sort | uniq -u
UsvVyFSfZZWbi6wgC7dAFyFuR6jQQUhR



#LEVEL9->10
bandit9@bandit:~$ cat data.txt | strings | egrep "="
========== the*2i"4
=:G e
========== password
<I=zsGi
Z)========== is
A=|t&E
Zdb=
c^ LAh=3G
*SF=s
&========== truKLdjsbJ5g7yyJ2X2R0o3a5HQJFuLk
S=A.H&^



#LEVEL10->11
bandit10@bandit:~$ cat data.txt | base64 -d
The password is IFukwKGsFW8MOq3IRFqrxE1hxTNEbUPR



#LEVEL11->12
bandit11@bandit:~$ cat data.txt | tr 'A-Za-z' 'N-ZA-Mn-za-m'  
The password is 5Te8Y4drgCRfCx8ugdwuEX8KFC6k2EUu



#LEVEL12->13
#Copiez fisierul intr-un director creat in /tmp/.
#Folosesc comanda xxd pentru a face a reverse hex dump. 
#Folosesc comanda gzip -d pt a decomprima fisierul.Am grija la extensie.
#Folosesc comanda bzip2 -d pt a decomprima fisierul.Am grija la extensie.
#Verific tipul fisierului cu comanda file.
#Repet procesul pana cand obtin un fisier text.
bandit12@bandit:~$ mkdir /tmp/caran123
bandit12@bandit:~$ cp data.txt /tmp/caran123
bandit12@bandit:~$ cd /tmp/caran123
bandit12@bandit:/tmp/caran123$ file data.txt
data.txt: ASCII text
bandit12@bandit:/tmp/caran123$ xxd -r data.txt data
bandit12@bandit:/tmp/caran123$ file data
data: gzip compressed data, was "data2.bin", last modified: Thu May  7 18:14:30 2020, max compression, from Unix
bandit12@bandit:/tmp/caran123$ mv data data.gz
bandit12@bandit:/tmp/caran123$ gzip -d data.gz
bandit12@bandit:/tmp/caran123$ file data
data: bzip2 compressed data, block size = 900k
bandit12@bandit:/tmp/caran123$ mv data data.bz2
bandit12@bandit:/tmp/caran123$ bzip2 -d data.bz2
bandit12@bandit:/tmp/caran123$ file data
data: gzip compressed data, was "data4.bin", last modified: Thu May  7 18:14:30 2020, max compression, from Unix
bandit12@bandit:/tmp/caran123$ mv data data.gz
bandit12@bandit:/tmp/caran123$ gzip -d data.gz
bandit12@bandit:/tmp/caran123$ file data
data: POSIX tar archive (GNU)
bandit12@bandit:/tmp/caran123$ mv data data.tar
bandit12@bandit:/tmp/caran123$ tar xvf data.tar
data5.bin
bandit12@bandit:/tmp/caran123$ file data5.bin
data5.bin: POSIX tar archive (GNU)
bandit12@bandit:/tmp/caran123$ mv data5.bin data5.tar
bandit12@bandit:/tmp/caran123$ tar xvf data5.tar
data6.bin
bandit12@bandit:/tmp/caran123$ file data6.bin
data6.bin: bzip2 compressed data, block size = 900k
bandit12@bandit:/tmp/caran123$ mv data6.bin data6.tar
bandit12@bandit:/tmp/caran123$ tar xvf data6.tar
data8.bin
bandit12@bandit:/tmp/caran123$ file data8.bin
data8.bin: gzip compressed data, was "data9.bin", last modified: Thu May  7 18:14:30 2020, max compression, from Unix
bandit12@bandit:/tmp/caran123$ mv data8.bin data8.gz
bandit12@bandit:/tmp/caran123$ gzip -d data8.gz
bandit12@bandit:/tmp/caran123$ file data8
data8: ASCII text
bandit12@bandit:/tmp/caran123$ cat data8
The password is 8ZjyCRiBWFYkneahHwxCv3wb2a1ORpYL



#LEVEL13->14
#Fisierul sshkey.private contine cheia privata necesare pt logarea prin ssh. Cheile publice si private sunt o metoda mai sigura de logare. 
#-i identity_file:Selects a file from which the identity (private key) for public key authentication is read.
bandit13@bandit:~$ ssh -i sshkey.private bandit14@localhost
bandit14@bandit:~$ cat /etc/bandit_pass/bandit14
4wcYUJFw0k0XLShlDzztnTBHiqxU3b3e



#LEVEL14->15
#Conectare rpin telnet. 
bandit14@bandit:~$ telnet localhost 30000
Trying 127.0.0.1...
Connected to localhost.
Escape character is '^]'.
4wcYUJFw0k0XLShlDzztnTBHiqxU3b3e
Correct!
BfMYroe26WYalil77FoDi9qh59eK5xNr
Connection closed by foreign host.



#LEVEL15->16
#SSL-Secure Sockets Layer
#-s_client implements a generic SSL/TLS client which can establish a transparent connection to a remote server speaking SSL/TLS
#- ign_eof does it prevents the server from closing down the connection when the end of file is reached in our input

bandit15@bandit:~$ openssl s_client -ign_eof -connect localhost:30001
CONNECTED(00000003)
.....
cluFn7wTiGryunymYOu4RcffSxQluehd



#LEVEL16->17
#nmap - Network exploration tool and security / port scanner
#Verific ce porturi din gama 31000-32000 sunt open folosind comanda nmap.
#Observ ca portul 31790 este open si permite transmiterea segmentelor folosing protocolul SSL. 
bandit16@bandit:~$ nmap -sV -T4 -p 31000-32000 localhost
Starting Nmap 7.40 ( https://nmap.org ) at 2022-06-16 07:28 CEST
Nmap scan report for localhost (127.0.0.1)
Host is up (0.00025s latency).
Not shown: 996 closed ports
PORT      STATE    SERVICE     VERSION
31046/tcp open     echo
31518/tcp filtered unknown
31691/tcp open     echo
31790/tcp open     ssl/unknown
31960/tcp open     echo
#Stabilim conexiunea cu hostul.
bandit16@bandit:~$ openssl s_client -connect localhost:31790
bandit16@bandit:~$ mkdir /tmp/caran
bandit16@bandit:~$ cd /tmp/caran
bandit16@bandit:/tmp/caran$ gedit private.key
-bash: gedit: command not found
bandit16@bandit:/tmp/caran$ touch  private.key
bandit16@bandit:/tmp/caran$ gedit private.key
-bash: gedit: command not found
bandit16@bandit:/tmp/caran$ vim private.key
bandit16@bandit:/tmp/caran$ vim private.key
bandit16@bandit:/tmp/caran$ chmod 400 private.key
bandit16@bandit:/tmp/caran$ ssh -i private.key bandit17@localhost



#LEVEL17->18
bandit17@bandit:~$ diff passwords.old passwords.new
42c42
< w0Yfolrc5bwjS4qw5mq1nnQi6mF03bii
---
> kfBf3eYk5BPBRzwjqutbbfE887SVc5Yd  (Parola pt nivelul urmator)



#LEVEL18->19
#-T : Disable pseudo-terminal allocation.
#A pseudoterminal (sometimes abbreviated "pty") is a pair of virtual character devices that provide a bidirectional communication channel.
ssh -T bandit18@bandit.labs.overthewire.org -p 2220 
cat readme
IueksS7Ubh8G3DCwVzrTd8rAVOwq3M5x



#LEVEL19->20
#Fisierul bandit20-do are setuid ul setat si poate fi executat cu permisiunile owner-ului (bandit20).
#Fisierul /etc/bandit_pass/bandit20 unde se afla parola este accesibil doar prin intermediul lui bandit20.
bandit19@bandit:~$ file bandit20-do
bandit20-do: setuid ELF 32-bit LSB executable, Intel 80386, version 1 (SYSV), dynamically linked, interpreter /lib/ld-linux.so.2, for GNU/Linux 2.6.32, BuildID[sha1]=8e941f24b8c5cd0af67b22b724c57e1ab92a92a1, not stripped
bandit19@bandit:~$ ls -l
total 8
-rwsr-x--- 1 bandit20 bandit19 7296 May  7  2020 bandit20-do
bandit19@bandit:~$ ./bandit20-do cat /etc/bandit_pass/bandit20
GbKksEFF4yrVs6il55v6gwY5aVje5f0j



#LEVEL20->21
#nc: netcat is a simple unix utility which reads and writes data across network connections, using TCP or UDP protocol.
#Realizez o conexiune inbound. 
#-l :listen mode, for inbound connects
bandit20@bandit:~$ echo "GbKksEFF4yrVs6il55v6gwY5aVje5f0j" | nc -l -p 1234 &
[1] 13297
bandit20@bandit:~$ ./suconnect 1234
Read: GbKksEFF4yrVs6il55v6gwY5aVje5f0j
Password matches, sending next password
gE269g2h3mw3pwgrj0Ha9Uoqen1c9DGr



#LEVEL21->22
#cron - daemon to execute scheduled commands 
bandit21@bandit:~$ ls /etc/cron.d/
cronjob_bandit15_root  cronjob_bandit22  cronjob_bandit24
cronjob_bandit17_root  cronjob_bandit23  cronjob_bandit25_root
bandit21@bandit:~$ cat /etc/cron.d/cronjob_bandit22
@reboot bandit22 /usr/bin/cronjob_bandit22.sh &> /dev/null
* * * * * bandit22 /usr/bin/cronjob_bandit22.sh &> /dev/null
#Afisez continutul fisierului /usr/bin/cronjob_bandit22.sh
bandit21@bandit:~$ cat /usr/bin/cronjob_bandit22.sh
#!/bin/bash
chmod 644 /tmp/t7O6lds9S0RqQh9aMcz6ShpAoZKF7fgv
cat /etc/bandit_pass/bandit22 > /tmp/t7O6lds9S0RqQh9aMcz6ShpAoZKF7fgv
#Observ ca parola este parsata intr-un fisier din tmp. 
#644= rw-r--r--
bandit21@bandit:~$ cat /tmp/t7O6lds9S0RqQh9aMcz6ShpAoZKF7fgv
Yk7owGAcWjwMVRwrTesJEwB7WVOiILLI



#LEVEL22->23
bandit22@bandit:~$ ls /etc/cron.d/
cronjob_bandit15_root  cronjob_bandit22  cronjob_bandit24
cronjob_bandit17_root  cronjob_bandit23  cronjob_bandit25_root
bandit22@bandit:~$ cd /etc/cron.d/
bandit22@bandit:/etc/cron.d$ ls
cronjob_bandit15_root  cronjob_bandit22  cronjob_bandit24
cronjob_bandit17_root  cronjob_bandit23  cronjob_bandit25_root
bandit22@bandit:/etc/cron.d$ cat cronjob_bandit23
@reboot bandit23 /usr/bin/cronjob_bandit23.sh  &> /dev/null
* * * * * bandit23 /usr/bin/cronjob_bandit23.sh  &> /dev/null
bandit22@bandit:/etc/cron.d$ cat /usr/bin/cronjob_bandit23.sh
#!/bin/bash

myname=$(whoami)
mytarget=$(echo I am user $myname | md5sum | cut -d ' ' -f 1)

echo "Copying passwordfile /etc/bandit_pass/$myname to /tmp/$mytarget"

cat /etc/bandit_pass/$myname > /tmp/$mytarget
#Parola se afla in fisierul /tmp/$target, unde $target=echo I am user bandit23 | md5sum | cut -d ' ' -f 1
bandit22@bandit:/etc/cron.d$ echo I am user badit23 | md5sum | cut -d ' ' -f 1
c96d23f5efb79639a97a04baca0df091
bandit22@bandit:/etc/cron.d$ cat /tmp/8ca319486bfbbc3663ea0fbe81326349
jc1udXuA1tiHqjIsL8yaapX5XIAI6i0n



#LEVEL23->24
#timeout= Start COMMAND, and kill it if still running after DURATION.
andit23@bandit:~$ cd /etc/cron.d/
bandit23@bandit:/etc/cron.d$ ls
cronjob_bandit15_root  cronjob_bandit22  cronjob_bandit24
cronjob_bandit17_root  cronjob_bandit23  cronjob_bandit25_root
bandit23@bandit:/etc/cron.d$ cat cronjob_bandit24
@reboot bandit24 /usr/bin/cronjob_bandit24.sh &> /dev/null
* * * * * bandit24 /usr/bin/cronjob_bandit24.sh &> /dev/null
bandit23@bandit:/etc/cron.d$ cat /usr/bin/cronjob_bandit24.sh
#!/bin/bash

myname=$(whoami)

cd /var/spool/$myname
echo "Executing and deleting all scripts in /var/spool/$myname:"
for i in * .*;
do
    if [ "$i" != "." -a "$i" != ".." ];
    then
        echo "Handling $i"
        owner="$(stat --format "%U" ./$i)"
        if [ "${owner}" = "bandit23" ]; then
            timeout -s 9 60 ./$i
        fi
        rm -f ./$i
    fi
done
#Scriptul sterge toate fisierele din directorul /var/spool/bandit24.
Se asigura ca directorul curent si directorul parinte nu sunt sterse.Se executa un script doar daca ownerul este bandit23.
#Creez un script(bandit24_parola) prin care continutul fisierul care contine parola este parsat intr-un alt fisier (parola). Creez o copie in /tmp/caran/.
bandit23@bandit:/tmp/caran$ touch bandit24_parola
bandit23@bandit:/tmp/caran$ vim bandit24_parola
bandit23@bandit:/tmp/caran$ touch parola
bandit23@bandit:/tmp/caran$ cat bandit24_parola
#!/bin/bash
cat /etc/bandit_pass/bandit24 > /tmp/caran/parola
#Modific permisiunile.
bandit23@bandit:/tmp/caran$ chmod +x bandit24_parola
bandit23@bandit:/tmp/caran$ chmod a+rwx parola
#Copiez scriptul in folderul /var/spool/bandit24 pentru a si executat. 
bandit23@bandit:/tmp/caran$ cp bandit24_parola /var/spool/bandit24/bandit24_pass.sh
bandit23@bandit:/tmp/caran$ cat parola
UoMYTrfrBFHyQXmg6gzctqAwOmw1IohZ
